// Vitest Snapshot v1

exports[`<CountryFlag> > should match snapshot 1`] = `
<div>
  <span>
    ğŸ‡¨ğŸ‡­
  </span>
</div>
`;
